<?xml version="1.0" encoding="UTF-8" ?>
<testsuites name="vitest tests" tests="1" failures="0" errors="0" time="33.953">
    <testsuite name="tests/App.test.jsx" timestamp="2025-09-02T21:33:04.154Z" hostname="antpc" tests="1" failures="0" errors="0" skipped="0" time="0.0249288">
        <testcase classname="tests/App.test.jsx" name="App &gt; renders HelloWorld" time="0.0235031">
        </testcase>
    </testsuite>
</testsuites>
